// Jest Snapshot v1, https://goo.gl/fbAQLP

exports[`The getHouseList service returns the correct info 1`] = `
Array [
  Object {
    "address": "Paseo de la Castellana",
    "city": "madrid",
    "id": "79906",
    "image": "https://d1052pu3rm1xk9.cloudfront.net/fsosw_960_540_verified_ur_6_50/74ef00db848c1ce44ea03677836b5bb61243e3f9d6a9d5a656d3c3cb.jpg",
    "link": "https://www.spotahome.com/madrid/for-rent:apartments/79906?utm_source=housinganywhere&utm_medium=cffeeds&utm_campaign=normalads",
    "title": "madrid - 280.000,00 €",
  },
  Object {
    "address": "calle virtudes",
    "city": "madrid",
    "id": "79994",
    "image": "https://d1052pu3rm1xk9.cloudfront.net/fsosw_960_540_verified_ur_6_50/9617b48286d8cf89fe755b19d884901be10f6b613a6fc872be2e83be.jpg",
    "link": "https://www.spotahome.com/madrid/for-rent:apartments/79994?utm_source=housinganywhere&utm_medium=cffeeds&utm_campaign=normalads",
    "title": "madrid - 95.000,00 €",
  },
]
`;
