// Jest Snapshot v1, https://goo.gl/fbAQLP

exports[`The HouseList component should render DataRows with the expected content 1`] = `
Array [
  VueWrapper {
    "__app": null,
    "__setProps": undefined,
    "componentVM": Object {
      "data": Object {
        "address": "Paseo de la Castellana",
        "city": "madrid",
        "image": "https://d1052pu3rm1xk9.cloudfront.net/fsosw_960_540_verified_ur_6_50/74ef00db848c1ce44ea03677836b5bb61243e3f9d6a9d5a656d3c3cb.jpg",
        "link": "https://www.spotahome.com/madrid/for-rent:apartments/79906?utm_source=housinganywhere&utm_medium=cffeeds&utm_campaign=normalads",
        "title": "madrid - 280.000,00 €",
      },
    },
    "isDisabled": [Function],
    "rootVM": Object {},
    "wrapperElement": <tr
      class="data-row"
    >
      <td
        class="data-row--item"
      >
        madrid - 280.000,00 €
      </td>
      <td
        class="data-row--item"
      >
        Paseo de la Castellana
      </td>
      <td
        class="data-row--item"
      >
        madrid
      </td>
      <td
        class="data-row--item"
      >
        <a
          href="https://d1052pu3rm1xk9.cloudfront.net/fsosw_960_540_verified_ur_6_50/74ef00db848c1ce44ea03677836b5bb61243e3f9d6a9d5a656d3c3cb.jpg"
          target="_blank"
        >
          <i
            class="fa-solid fa-image"
          />
        </a>
      </td>
      <td
        class="data-row--item"
      >
        <a
          href="https://www.spotahome.com/madrid/for-rent:apartments/79906?utm_source=housinganywhere&utm_medium=cffeeds&utm_campaign=normalads"
          target="_blank"
        >
          <i
            class="fa-solid fa-up-right-from-square"
          />
        </a>
      </td>
    </tr>,
  },
  VueWrapper {
    "__app": null,
    "__setProps": undefined,
    "componentVM": Object {
      "data": Object {
        "address": "calle virtudes",
        "city": "madrid",
        "image": "https://d1052pu3rm1xk9.cloudfront.net/fsosw_960_540_verified_ur_6_50/9617b48286d8cf89fe755b19d884901be10f6b613a6fc872be2e83be.jpg",
        "link": "https://www.spotahome.com/madrid/for-rent:apartments/79994?utm_source=housinganywhere&utm_medium=cffeeds&utm_campaign=normalads",
        "title": "madrid - 95.000,00 €",
      },
    },
    "isDisabled": [Function],
    "rootVM": Object {},
    "wrapperElement": <tr
      class="data-row"
    >
      <td
        class="data-row--item"
      >
        madrid - 95.000,00 €
      </td>
      <td
        class="data-row--item"
      >
        calle virtudes
      </td>
      <td
        class="data-row--item"
      >
        madrid
      </td>
      <td
        class="data-row--item"
      >
        <a
          href="https://d1052pu3rm1xk9.cloudfront.net/fsosw_960_540_verified_ur_6_50/9617b48286d8cf89fe755b19d884901be10f6b613a6fc872be2e83be.jpg"
          target="_blank"
        >
          <i
            class="fa-solid fa-image"
          />
        </a>
      </td>
      <td
        class="data-row--item"
      >
        <a
          href="https://www.spotahome.com/madrid/for-rent:apartments/79994?utm_source=housinganywhere&utm_medium=cffeeds&utm_campaign=normalads"
          target="_blank"
        >
          <i
            class="fa-solid fa-up-right-from-square"
          />
        </a>
      </td>
    </tr>,
  },
]
`;
